../Core/Src/main.c:78:5:main	40	static
../Core/Src/main.c:145:6:SystemClock_Config	88	static
../Core/Src/main.c:191:13:MX_CAN1_Init	48	static
../Core/Src/main.c:246:13:MX_USART2_UART_Init	8	static
../Core/Src/main.c:279:13:MX_GPIO_Init	48	static
../Core/Src/main.c:316:6:HAL_UART_RxCpltCallback	56	static
../Core/Src/main.c:385:6:HAL_CAN_RxFifo0MsgPendingCallback	256	static
../Core/Src/main.c:483:6:sendTestCANFrames	64	static
../Core/Src/main.c:517:6:sendTestUartCANFrames	160	static
../Core/Src/main.c:550:6:Error_Handler	4	static,ignoring_inline_asm
