../Core/Src/main.c:79:5:main	40	static
../Core/Src/main.c:146:6:SystemClock_Config	88	static
../Core/Src/main.c:192:13:MX_CAN1_Init	64	static
../Core/Src/main.c:281:13:MX_USART2_UART_Init	8	static
../Core/Src/main.c:314:13:MX_GPIO_Init	48	static
../Core/Src/main.c:351:6:HAL_UART_RxCpltCallback	56	static
../Core/Src/main.c:420:6:HAL_CAN_RxFifo0MsgPendingCallback	256	static
../Core/Src/main.c:515:6:sendTestCANFrames	64	static
../Core/Src/main.c:549:6:sendTestUartCANFrames	160	static
../Core/Src/main.c:582:6:Error_Handler	4	static,ignoring_inline_asm
